[22:45:50] log synced to MC — 22363 bytes, 50 lines, 1 chunk(s) ✓
[22:45:50] advertising as player 2 team 2 (down)
[22:46:11] new match from MC — leaving the match-complete screen
[22:46:15] advertising as player 2 team 1 (down)
[22:46:26] write head: 28 frame(s)
[22:46:26] phase kitted → lobby
[22:46:32] phase lobby → armed
[22:46:33] write tick: 1 frame(s)
[22:46:34] write tick: 1 frame(s)
[22:46:35] write tick: 1 frame(s)
[22:46:36] write tick: 1 frame(s)
[22:46:37] write tick: 1 frame(s)
[22:46:38] write tick: 1 frame(s)
[22:46:39] write cue countdown: 1 frame(s)
[22:46:42] write spawn + spawn line (V9I) + scream V94 2/3: 18 frame(s)
[22:46:42] write cue klaxon: 1 frame(s)
[22:46:42] phase armed → live
[22:46:42] advertising as player 2 team 1
[22:46:43] write headset start: 1 frame(s)
[22:46:44] write headset start: 1 frame(s)
[22:46:45] write gun take: 2 frame(s)
[22:46:47] write readout armor anim from: 1 frame(s)
[22:46:47] write readout armor anim blank: 1 frame(s)
[22:46:47] write readout armor anim step 5: 1 frame(s)
[22:46:47] write readout armor blink: 1 frame(s)
[22:46:48] write readout armor blink: 1 frame(s)
[22:46:48] write readout armor blink: 1 frame(s)
[22:46:49] write readout armor blink: 1 frame(s)
[22:46:49] write readout armor blink: 1 frame(s)
[22:46:50] write readout armor blink: 1 frame(s)
[22:46:50] write readout armor blink: 1 frame(s)
[22:46:51] write readout rest: 1 frame(s)
[22:46:51] write readout armor anim from: 1 frame(s)
[22:46:52] write readout armor anim blank: 1 frame(s)
[22:46:52] write readout armor anim step 4: 1 frame(s)
[22:46:52] network up (wifi)
[22:46:53] write feedback kill: 1 frame(s)
[22:46:53] write event led first_blood: 1 frame(s)
[22:46:53] write event cue lead_taken: 1 frame(s)
[22:46:53] alert lead_taken
[22:46:53] write readout after first_blood: 1 frame(s)
[22:46:54] write medal first_blood: 1 frame(s)
[22:46:56] write readout rest: 1 frame(s)
[22:46:56] write readout reload glance: 1 frame(s)
[22:46:58] network up (wifi)
[22:46:59] write readout rest: 1 frame(s)
[22:47:00] swap to slot 1 assumed after 850ms (no shot yet)
[22:47:05] network up (wifi)
[22:47:07] watching for utility items
[22:47:14] write readout armor anim from: 1 frame(s)
[22:47:14] network up (wifi)
[22:47:14] write readout armor anim blank: 1 frame(s)
[22:47:14] write readout armor anim step 3: 1 frame(s)
[22:47:14] write readout armor anim step 2: 1 frame(s)
[22:47:14] write readout armor anim step 1: 1 frame(s)
[22:47:14] write gun blank (down): 1 frame(s)
[22:47:14] ☠ down — by ROCCO
[22:47:15] advertising as player 2 team 1 (down)
[22:47:17] write down rearm: 1 frame(s)
[22:47:23] network up (wifi)
[22:47:29] network up (wifi)
[22:47:29] write down stop: 1 frame(s)
[22:47:29] write revive + spawn line (V9I) + scream V95 3/3: 15 frame(s)
[22:47:29] respawned
[22:47:30] advertising as player 2 team 1
[22:47:30] write headset respawn: 1 frame(s)
[22:47:31] write headset respawn: 1 frame(s)
[22:47:32] write gun take: 2 frame(s)
[22:47:38] network up (wifi)
[22:47:39] network down (none)
[22:47:39] network up (cellular)
[22:47:39] network up (cellular)
[22:47:39] MC link offline
[22:47:39] network up (cellular)
[22:47:40] MC link connecting
[22:47:43] network up (wifi)
[22:47:43] network back (wifi) — dialling Mission Control now
[22:47:43] network up (wifi)
[22:47:44] MC link open
[22:47:44] MC link bound
[22:47:45] network up (wifi)
[22:47:48] network up (wifi)
[22:47:51] network up (wifi)
[22:47:54] network up (wifi)
[22:47:57] network up (wifi)
[22:48:00] network up (cellular)
[22:48:04] network up (wifi)
[22:48:07] network up (wifi)
[22:48:08] network up (wifi)
[22:48:08] network up (wifi)
[22:48:08] network up (wifi)
[22:48:09] MC link offline
[22:48:10] network up (wifi)
[22:48:10] MC link connecting
[22:48:10] network back (wifi) — dialling Mission Control now
[22:48:10] MC link open
[22:48:10] MC link bound
[22:48:25] network up (wifi)
[22:48:38] network up (wifi)
[22:48:38] watching for utility items
[22:48:53] network up (wifi)
[22:49:23] write end (end): 6 frame(s)
[22:49:23] write cue game_over: 1 frame(s)
[22:49:23] phase live → kitted
[22:49:23] match ended: end
[22:49:23] match result (push): draw
--- ble frames (last 60) ---
1789339634083 rx $HIR,0,0,1,0,70,0,0,*
1789339634089 rx $HP,45,14,0,*
1789339634095 tx $GLED,9,4,4,0,10,,*
1789339634096 rx $BUT,0,0,*
1789339634272 tx $GLED,9,9,9,0,10,,*
1789339634353 tx $GLED,9,4,4,0,10,,*
1789339634397 rx $BUT,0,1,*
1789339634473 tx $GLED,9,9,4,0,10,,*
1789339634523 rx $BUT,0,0,*
1789339634594 tx $GLED,9,9,4,0,10,,*
1789339634649 rx $BUT,0,1,*
1789339634756 rx $BUT,0,0,*
1789339634830 rx $BUT,0,1,*
1789339634834 rx $ALCD,3,100,1,24,0,*
1789339634887 rx $HIR,0,0,1,0,70,0,0,*
1789339634894 rx $HP,0,0,0,*
1789339634896 tx $GLED,,,,5,,,*
1789339634897 rx $LCD,0,0,0,1,3,24,*
1789339636227 rx $BUT,0,0,*
1789339636628 rx $BUT,0,1,*
1789339636708 rx $BUT,0,0,*
1789339637417 tx $HLOOP,2,750,*
1789339641336 rx $BUT,2,1,*
1789339642019 rx $BUT,2,0,*
1789339649939 tx $HLOOP,0,0,*
1789339650119 tx $PSET,2,0,45,120,70,50,,H44,JAD,V95,,,,,V97,H06,,H37,H22,X49,U15,W71,A10,*
1789339650303 tx $SIR,0,0,,1,0,0,1,,*
1789339650331 tx $SIR,0,1,,36,0,0,1,,*
1789339650386 tx $SIR,0,3,,37,0,0,1,,*
1789339650465 tx $SIR,8,0,,38,0,0,1,,*
1789339650517 tx $SIR,9,3,,24,10,0,,,*
1789339650574 tx $SIR,10,0,X13,1,0,100,2,60,*
1789339650638 tx $SIR,6,0,H02,1,0,90,1,40,*
1789339650702 tx $SIR,13,1,H57,1,0,0,1,,*
1789339650758 tx $SIR,13,0,H50,1,0,0,1,,*
1789339650811 tx $SIR,13,3,H49,1,0,100,0,60,*
1789339650870 tx $SPAWN,,*
1789339650903 tx $AMMO,0,14,56,1,*
1789339650911 rx $LCD,45,120,0,0,14,56,*
1789339650913 rx $ALCD,14,100,0,56,0,*
1789339650935 tx $AMMO,1,6,24,1,*
1789339650945 rx $ALCD,14,100,0,56,0,*
1789339650971 tx $PLAY,,4,6,V9I,,,,*
1789339650985 rx $ALCD,14,100,0,56,0,*
1789339651005 tx $HLED,6,2,120,120,10,2,*
1789339651524 tx $HLED,9,0,,,10,,*
1789339652418 tx $GLED,,,,5,,,*
1789339652456 tx $GLED,6,6,6,0,1,,*
1789339656343 rx $BUT,0,1,*
1789339656344 rx $ALCD,5,100,1,24,0,*
1789339656441 rx $BUT,0,0,*
1789339656834 rx $BUT,0,1,*
1789339656955 rx $BUT,0,0,*
1789339660092 rx $BUT,2,1,*
1789339660299 rx $ALCD,6,100,1,23,0,*
1789339681266 rx $VOLTS,8487,4132,100,100,*
1789339741435 rx $VOLTS,8491,4150,100,100,*
1789339763728 tx $SPAWN,,*
1789339763861 rx $LCD,45,120,0,0,14,56,*
1789339763866 rx $ALCD,14,100,0,56,0,*
--- engine state ---
{
 "accuracy": 60,
 "activeSlot": 0,
 "alive": false,
 "ammo": 14,
 "armor": 120,
 "assists": 0,
 "battery": 100,
 "bleUp": true,
 "deaths": 1,
 "endAck": false,
 "ended": true,
 "game": {
  "environment": "outdoor",
  "health": {
   "max_armor": 70,
   "max_hp": 45
  },
  "mode": "ffa",
  "mode_name": "FREE-FOR-ALL",
  "name": "FREE-FOR-ALL",
  "night": false,
  "respawn": {
   "delay_s": 15,
   "type": "auto"
  },
  "time_limit_s": 600
 },
 "headEcho": "$ALCD,14,100,0,28,0,*",
 "hits": 6,
 "hp": 45,
 "killedBy": null,
 "kills": 1,
 "kitLocked": false,
 "kitOpen": false,
 "loadMag": 14,
 "loadReserve": 56,
 "loadout": {
  "perk": {
   "kind": "perk",
   "name": "Body Armor",
   "perk_id": "body_armor"
  },
  "primary": {
   "clip": 14,
   "kind": "weapon",
   "name": "AMR",
   "reserve": 56,
   "weapon_id": "amr"
  },
  "secondary": {
   "clip": 6,
   "kind": "weapon",
   "name": "Shotgun",
   "reserve": 24,
   "weapon_id": "shotgun"
  }
 },
 "mag": 14,
 "matchId": "f46fdd96e1",
 "maxArmor": 70,
 "maxHp": 45,
 "mode": "FFA",
 "night": false,
 "phase": "kitted",
 "player": {
  "display": "TONY",
  "gun_id": "Tactix-FE30",
  "node_id": "node-008a563e38",
  "player_id": "002803e7",
  "player_num": 2,
  "team_id": "ffa"
 },
 "ready": false,
 "reconciling": false,
 "reloading": false,
 "reserve": 56,
 "respawnGate": "trigger",
 "respawnHint": null,
 "respawnIn": 0,
 "respawnType": "auto",
 "result": {
  "mode": "ffa",
  "outcome": "draw",
  "rows": [
   {
    "acc_provisional": false,
    "accuracy": 16,
    "after_end_deaths": 0,
    "after_end_kills": 0,
    "assists": 0,
    "best_streak": 1,
    "deaths": 1,
    "display": "ROCCO",
    "first_blood": false,
    "hits": 4,
    "kd": 1,
    "kills": 1,
    "medals": [],
    "multi_best": 1,
    "player_id": "6748d5e1",
    "shots": 25,
    "shots_total": 25,
    "streak": 1,
    "team_id": "ffa"
   },
   {
    "acc_provisional": false,
    "accuracy": 60,
    "after_end_deaths": 0,
    "after_end_kills": 0,
    "assists": 0,
    "best_streak": 1,
    "deaths": 1,
    "display": "TONY",
    "first_blood": true,
    "hits": 6,
    "kd": 1,
    "kills": 1,
    "medals": [
     "FIRST BLOOD"
    ],
    "multi_best": 1,
    "player_id": "002803e7",
    "shots": 10,
    "shots_total": 10,
    "streak": 0,
    "team_id": "ffa"
   }
  ],
  "team_scores": [],
  "win_by": "kills",
  "winner": {
   "player_id": null,
   "tie": [
    "002803e7",
    "6748d5e1"
   ]
  }
 },
 "resync": null,
 "shield": 0,
 "shots": 10,
 "standby": false,
 "stunned": null,
 "synced": true,
 "team": {
  "color": "#e8eef5",
  "name": "FREE-FOR-ALL",
  "team_id": "ffa",
  "tid": 1
 },
 "underFire": false,
 "weapon": "AMR",
 "weaponId": "amr",
 "wsState": "bound"
}

(catalog and policy blocks dropped by extract.py)