[22:45:47] log synced to MC — 22662 bytes, 48 lines, 1 chunk(s) ✓
[22:46:09] new match from MC — leaving the match-complete screen
[22:46:20] watching for utility items
[22:46:24] write head: 28 frame(s)
[22:46:24] phase kitted → lobby
[22:46:30] phase lobby → armed
[22:46:31] write tick: 1 frame(s)
[22:46:32] write tick: 1 frame(s)
[22:46:33] write tick: 1 frame(s)
[22:46:34] write tick: 1 frame(s)
[22:46:35] write tick: 1 frame(s)
[22:46:36] write tick: 1 frame(s)
[22:46:37] write cue countdown: 1 frame(s)
[22:46:38] network up (wifi)
[22:46:40] write spawn + spawn line (VHI) + scream VH4 2/3: 18 frame(s)
[22:46:40] write cue klaxon: 1 frame(s)
[22:46:40] phase armed → live
[22:46:40] advertising as player 1 team 1
[22:46:41] write headset start: 1 frame(s)
[22:46:42] write headset start: 1 frame(s)
[22:46:43] write gun take: 2 frame(s)
[22:46:44] write readout armor anim from: 1 frame(s)
[22:46:44] write readout armor anim blank: 1 frame(s)
[22:46:44] write readout armor anim step 5: 1 frame(s)
[22:46:44] write readout armor anim step 4: 1 frame(s)
[22:46:47] swap to slot 1 assumed after 850ms (no shot yet)
[22:46:47] network up (wifi)
[22:46:47] network up (wifi)
[22:46:47] network up (wifi)
[22:46:49] write readout rest: 1 frame(s)
[22:46:49] write readout armor anim from: 1 frame(s)
[22:46:49] write readout armor anim blank: 1 frame(s)
[22:46:49] write readout armor anim step 3: 1 frame(s)
[22:46:50] write readout armor anim step 2: 1 frame(s)
[22:46:50] write pain long (VHE (1/2)) 48 dmg into health: 1 frame(s)
[22:46:50] write readout health anim from: 1 frame(s)
[22:46:50] write readout health anim blank: 1 frame(s)
[22:46:50] write readout health anim step 5: 1 frame(s)
[22:46:50] write readout health anim step 4: 1 frame(s)
[22:46:50] network up (wifi)
[22:46:50] write readout health anim step 3: 1 frame(s)
[22:46:51] write readout health blink: 1 frame(s)
[22:46:51] write readout health blink: 1 frame(s)
[22:46:51] write gun blank (down): 1 frame(s)
[22:46:51] ☠ down — by TONY
[22:46:51] advertising as player 1 team 1 (down)
[22:46:54] write down rearm: 1 frame(s)
[22:47:02] network up (wifi)
[22:47:06] write down stop: 1 frame(s)
[22:47:06] write revive + spawn line (VHI) + scream VH3 1/3: 15 frame(s)
[22:47:06] respawned
[22:47:06] advertising as player 1 team 1
[22:47:07] write headset respawn: 1 frame(s)
[22:47:08] write headset respawn: 1 frame(s)
[22:47:08] network up (wifi)
[22:47:09] write gun take: 2 frame(s)
[22:47:09] swap to slot 1 assumed after 850ms (no shot yet)
[22:47:11] write readout armor anim from: 1 frame(s)
[22:47:12] write readout armor anim blank: 1 frame(s)
[22:47:12] write readout armor anim step 5: 1 frame(s)
[22:47:12] write readout armor anim step 4: 1 frame(s)
[22:47:12] write readout armor anim step 3: 1 frame(s)
[22:47:12] write feedback kill: 1 frame(s)
[22:47:12] write event led kill: 1 frame(s)
[22:47:12] write readout after kill: 1 frame(s)
[22:47:13] write feedback cue kill: 1 frame(s)
[22:47:13] write readout armor blink: 1 frame(s)
[22:47:13] write readout armor blink: 1 frame(s)
[22:47:14] write readout armor blink: 1 frame(s)
[22:47:14] write readout armor blink: 1 frame(s)
[22:47:15] write readout armor blink: 1 frame(s)
[22:47:15] write readout reload glance: 1 frame(s)
[22:47:17] write readout rest: 1 frame(s)
[22:47:20] swap to slot 0 assumed after 850ms (no shot yet)
[22:47:23] network up (wifi)
[22:47:28] write readout reload glance: 1 frame(s)
[22:47:31] write readout rest: 1 frame(s)
[22:47:32] network up (wifi)
[22:47:33] swap to slot 1 assumed after 850ms (no shot yet)
[22:47:34] write readout armor anim from: 1 frame(s)
[22:47:34] write readout armor anim blank: 1 frame(s)
[22:47:34] write readout armor anim step 2: 1 frame(s)
[22:47:34] write readout armor anim step 1: 1 frame(s)
[22:47:35] write readout armor blink: 1 frame(s)
[22:47:35] write readout armor blink: 1 frame(s)
[22:47:36] write readout armor blink: 1 frame(s)
[22:47:36] write readout armor blink: 1 frame(s)
[22:47:37] write readout armor blink: 1 frame(s)
[22:47:37] write readout armor blink: 1 frame(s)
[22:47:38] write readout armor blink: 1 frame(s)
[22:47:38] write readout rest: 1 frame(s)
[22:47:50] network up (wifi)
[22:47:51] watching for utility items
[22:47:53] network up (wifi)
[22:48:02] MC link offline
[22:48:02] MC link connecting
[22:48:02] swap to slot 0 assumed after 850ms (no shot yet)
[22:48:02] MC link open
[22:48:02] MC link bound
[22:48:02] network up (wifi)
[22:48:14] network up (wifi)
[22:48:18] network up (wifi)
[22:48:21] network up (wifi)
[22:48:21] network up (wifi)
[22:48:24] network up (wifi)
[22:48:46] swap to slot 1 assumed after 850ms (no shot yet)
[22:49:04] MC link offline
[22:49:04] MC link connecting
[22:49:04] MC link open
[22:49:04] MC link bound
[22:49:04] MC hydrated
[22:49:20] *** gun disconnected ***
[22:49:20] gun link lost
[22:49:21] end (end) owed to the gun — link down
[22:49:21] phase live → kitted
[22:49:21] match ended: end
[22:49:21] advertising as player 1 team 1 (down)
[22:49:21] match result (push): draw
--- ble frames (last 60) ---
1789339715677 rx $BUT,0,0,*
1789339716428 rx $BUT,0,1,*
1789339716821 rx $BUT,0,0,*
1789339721062 rx $BUT,0,1,*
1789339721230 rx $BUT,0,0,*
1789339721349 rx $BUT,0,1,*
1789339721469 rx $BUT,0,0,*
1789339721588 rx $BUT,0,1,*
1789339721751 rx $BUT,0,0,*
1789339721916 rx $BUT,0,1,*
1789339722039 rx $BUT,0,0,*
1789339722337 rx $BUT,0,1,*
1789339722549 rx $BUT,0,0,*
1789339722712 rx $BUT,0,1,*
1789339723014 rx $BUT,0,0,*
1789339723179 rx $BUT,0,1,*
1789339723342 rx $BUT,0,0,*
1789339723643 rx $BUT,0,1,*
1789339724212 rx $BUT,0,0,*
1789339725278 rx $BUT,1,1,*
1789339725486 rx $BUT,1,0,*
1789339727765 rx $BUT,0,1,*
1789339727980 rx $BUT,0,0,*
1789339728186 rx $BUT,0,1,*
1789339728396 rx $BUT,0,0,*
1789339728561 rx $BUT,0,1,*
1789339728726 rx $BUT,0,0,*
1789339728982 rx $BUT,0,1,*
1789339729177 rx $BUT,0,0,*
1789339729536 rx $BUT,0,1,*
1789339729793 rx $BUT,0,0,*
1789339729913 rx $BUT,0,1,*
1789339730076 rx $BUT,0,0,*
1789339730287 rx $BUT,0,1,*
1789339730497 rx $BUT,0,0,*
1789339730705 rx $BUT,0,1,*
1789339730724 rx $VOLTS,8428,4164,100,100,*
1789339730946 rx $BUT,0,0,*
1789339749337 rx $BUT,0,1,*
1789339749518 rx $BUT,0,0,*
1789339749681 rx $BUT,0,1,*
1789339749831 rx $BUT,0,0,*
1789339749937 rx $BUT,0,1,*
1789339750104 rx $BUT,0,0,*
1789339750357 rx $BUT,0,1,*
1789339750431 rx $BUT,0,0,*
1789339750507 rx $BUT,0,1,*
1789339750628 rx $BUT,0,0,*
1789339750746 rx $BUT,0,1,*
1789339750824 rx $BUT,0,0,*
1789339750912 rx $BUT,0,1,*
1789339751169 rx $BUT,0,0,*
1789339751241 rx $BUT,0,1,*
1789339751361 rx $BUT,0,0,*
1789339751481 rx $BUT,0,1,*
1789339751558 rx $BUT,0,0,*
1789339751631 rx $BUT,0,1,*
1789339751751 rx $BUT,0,0,*
1789339751873 rx $BUT,0,1,*
1789339751948 rx $BUT,0,0,*
--- engine state ---
{
 "accuracy": 16,
 "activeSlot": 1,
 "alive": false,
 "ammo": 36,
 "armor": 5,
 "assists": 0,
 "battery": 100,
 "bleUp": false,
 "deaths": 1,
 "endAck": false,
 "ended": true,
 "game": {
  "environment": "outdoor",
  "health": {
   "max_armor": 70,
   "max_hp": 45
  },
  "mode": "ffa",
  "mode_name": "FREE-FOR-ALL",
  "name": "FREE-FOR-ALL",
  "night": false,
  "respawn": {
   "delay_s": 15,
   "type": "auto"
  },
  "time_limit_s": 600
 },
 "headEcho": "$ALCD,36,100,0,108,0,*",
 "hits": 4,
 "hp": 45,
 "killedBy": null,
 "kills": 1,
 "kitLocked": false,
 "kitOpen": false,
 "loadMag": 36,
 "loadReserve": 216,
 "loadout": {
  "perk": {
   "kind": "perk",
   "name": "Body Armor",
   "perk_id": "body_armor"
  },
  "primary": {
   "clip": 36,
   "kind": "weapon",
   "name": "Burst Rifle",
   "reserve": 216,
   "weapon_id": "burst_rifle"
  },
  "secondary": {
   "clip": 6,
   "kind": "weapon",
   "name": "Shotgun",
   "reserve": 24,
   "weapon_id": "shotgun"
  }
 },
 "mag": 6,
 "matchId": "f46fdd96e1",
 "maxArmor": 70,
 "maxHp": 45,
 "mode": "FFA",
 "night": false,
 "phase": "kitted",
 "player": {
  "display": "ROCCO",
  "gun_id": "Tactix-3D4F",
  "node_id": "node-daeed47068",
  "player_id": "6748d5e1",
  "player_num": 1,
  "team_id": "ffa"
 },
 "ready": false,
 "reconciling": false,
 "reloading": false,
 "reserve": 201,
 "respawnGate": "trigger",
 "respawnHint": null,
 "respawnIn": 0,
 "respawnType": "auto",
 "result": {
  "mode": "ffa",
  "outcome": "draw",
  "rows": [
   {
    "acc_provisional": false,
    "accuracy": 16,
    "after_end_deaths": 0,
    "after_end_kills": 0,
    "assists": 0,
    "best_streak": 1,
    "deaths": 1,
    "display": "ROCCO",
    "first_blood": false,
    "hits": 4,
    "kd": 1,
    "kills": 1,
    "medals": [],
    "multi_best": 1,
    "player_id": "6748d5e1",
    "shots": 25,
    "shots_total": 25,
    "streak": 1,
    "team_id": "ffa"
   },
   {
    "acc_provisional": false,
    "accuracy": 60,
    "after_end_deaths": 0,
    "after_end_kills": 0,
    "assists": 0,
    "best_streak": 1,
    "deaths": 1,
    "display": "TONY",
    "first_blood": true,
    "hits": 6,
    "kd": 1,
    "kills": 1,
    "medals": [
     "FIRST BLOOD"
    ],
    "multi_best": 1,
    "player_id": "002803e7",
    "shots": 10,
    "shots_total": 10,
    "streak": 0,
    "team_id": "ffa"
   }
  ],
  "team_scores": [],
  "win_by": "kills",
  "winner": {
   "player_id": null,
   "tie": [
    "002803e7",
    "6748d5e1"
   ]
  }
 },
 "resync": null,
 "shield": 0,
 "shots": 25,
 "standby": false,
 "stunned": null,
 "synced": true,
 "team": {
  "color": "#e8eef5",
  "name": "FREE-FOR-ALL",
  "team_id": "ffa",
  "tid": 1
 },
 "underFire": false,
 "weapon": "SHOTGUN",
 "weaponId": "shotgun",
 "wsState": "bound"
}

(catalog and policy blocks dropped by extract.py)